// Jest Snapshot v1, https://goo.gl/fbAQLP

exports[`common/Button graphical (JSX) should add custom className 1`] = `null`;

exports[`common/Button graphical (JSX) should add custom style 1`] = `null`;

exports[`common/Button graphical (JSX) should add custom type 1`] = `null`;

exports[`common/Button graphical (JSX) should add handler 1`] = `null`;

exports[`common/Button graphical (JSX) should add text 1`] = `
<button
  className="button"
  onClick={undefined}
  style={Object {}}
>
  my button
</button>
`;

exports[`common/Button graphical (JSX) should have a default behaviour 1`] = `null`;
